============================= test session starts ==============================
platform linux -- Python 3.13.3, pytest-8.4.1, pluggy-1.6.0 -- /workspace/venv/bin/python3
cachedir: .pytest_cache
rootdir: /workspace
configfile: pytest.ini
plugins: asyncio-1.0.0, cov-6.2.1
asyncio: mode=Mode.STRICT, asyncio_default_fixture_loop_scope=None, asyncio_default_test_loop_scope=function
collecting ... collected 27 items / 1 skipped

tests/test_forecast_parser.py::TestForecastParser::test_basic_formats PASSED [  3%]
tests/test_forecast_parser.py::TestForecastParser::test_smoke_conditions PASSED [  7%]
tests/test_forecast_parser.py::TestForecastParser::test_explicit_percentages PASSED [ 11%]
tests/test_forecast_parser.py::TestForecastParser::test_smoke_with_precipitation PASSED [ 14%]
tests/test_forecast_parser.py::TestForecastParser::test_weather_event_detection[Fog conditions-Tonight: Dense fog. Low around 35. Calm wind.-Fog(90%)] PASSED [ 18%]
tests/test_forecast_parser.py::TestForecastParser::test_weather_event_detection[Thunderstorm-Today: Thunderstorms likely. High near 75. Southeast wind 10 mph.-Thunderstorms likely] PASSED [ 22%]
tests/test_forecast_parser.py::TestForecastParser::test_weather_event_detection[Wind conditions-Tonight: Windy. Low around 45. Northwest wind 20 to 30 mph.-Windy] PASSED [ 25%]
tests/test_forecast_parser.py::TestForecastParser::test_weather_event_detection[Snow-Today: Snow likely. High near 25. North wind 15 mph.-Snow likely] PASSED [ 29%]
tests/test_forecast_parser.py::TestForecastParser::test_weather_event_detection[Freezing rain-Tonight: Freezing rain. Low around 28. Northeast wind 10 mph.-Freezing rain] PASSED [ 33%]
tests/test_forecast_parser.py::TestForecastParser::test_temperature_wind_extraction PASSED [ 37%]
tests/test_forecast_parser.py::TestForecastParser::test_period_detection PASSED [ 40%]
tests/test_forecast_parser.py::TestForecastParser::test_smoke_probability_levels PASSED [ 44%]
tests/test_forecast_parser.py::TestForecastParser::test_summary_with_temp_wind PASSED [ 48%]
tests/test_forecast_parser.py::TestForecastParser::test_real_world_summary PASSED [ 51%]
tests/test_text_length.py::TestTextLength::test_basic_text_lengths PASSED [ 55%]
tests/test_text_length.py::TestTextLength::test_device_character_limits PASSED [ 59%]
tests/test_text_length.py::TestTextLength::test_custom_character_limits PASSED [ 62%]
tests/test_text_length.py::TestTextLength::test_character_limit_priority PASSED [ 66%]
tests/test_text_length.py::TestTextLength::test_part_numbering_overhead PASSED [ 70%]
tests/test_text_length.py::TestTextLength::test_edge_case_limits PASSED  [ 74%]
tests/test_text_length.py::TestTextLength::test_different_formats_with_limits PASSED [ 77%]
tests/test_text_length.py::TestTextLength::test_text_utilization PASSED  [ 81%]
tests/test_text_length.py::TestTextLength::test_empty_and_short_text PASSED [ 85%]
tests/test_text_length.py::TestTextLength::test_device_type_defaults[zoleo-200] PASSED [ 88%]
tests/test_text_length.py::TestTextLength::test_device_type_defaults[inreach-160] PASSED [ 92%]
tests/test_text_length.py::TestTextLength::test_device_type_defaults[unknown-200] PASSED [ 96%]
tests/test_text_length.py::TestTextLength::test_mixed_format_splitting PASSED [100%]

================================ tests coverage ================================
_______________ coverage: platform linux, python 3.13.3-final-0 ________________

Name                                                    Stmts   Miss  Cover   Missing
-------------------------------------------------------------------------------------
custom_components/satcom_forecast/__init__.py              50     48     4%   4-83
custom_components/satcom_forecast/config_flow.py          144    144     0%   1-347
custom_components/satcom_forecast/const.py                  9      9     0%   1-9
custom_components/satcom_forecast/coordinator.py           81     81     0%   1-278
custom_components/satcom_forecast/forecast_fetcher.py      73     73     0%   1-130
custom_components/satcom_forecast/forecast_parser.py      641    252    61%   79-80, 101, 134, 139, 189-198, 232, 257, 262, 264, 266, 270, 275, 278-283, 286, 288, 293, 296-299, 301-306, 309, 312-315, 323-330, 346-358, 383-391, 448-449, 451-452, 459, 516, 567, 604, 615-617, 712, 793-814, 840-847, 850, 852, 884, 916, 918, 922, 926-935, 937-942, 944-951, 953-958, 960-967, 969-982, 989, 991, 995-1010, 1116, 1124-1125, 1137, 1155-1171, 1187-1317
custom_components/satcom_forecast/imap_handler.py         150    150     0%   1-279
custom_components/satcom_forecast/notifier.py              41     41     0%   1-89
custom_components/satcom_forecast/sensor.py                20     20     0%   1-43
custom_components/satcom_forecast/split_util.py           246     90    63%   61-74, 81-90, 98-115, 180-190, 197-198, 216, 252, 273, 280, 287-311, 316-339, 357, 398-423
-------------------------------------------------------------------------------------
TOTAL                                                    1455    908    38%
Coverage JSON written to file coverage.json
======================== 27 passed, 1 skipped in 0.28s =========================
